// Jest Snapshot v1, https://goo.gl/fbAQLP

exports[`HTML Snapshot ska matcha snapshot 1`] = `
"<!DOCTYPE html>
<html lang="en">

<head>
    <meta charset="utf-8">
    <title>Product industries</title>
    <meta content="width=device-width, initial-scale=1.0" name="viewport">
    <meta content="Free HTML Templates" name="keywords">
    <meta content="Free HTML Templates" name="description">

    <!-- Favicon -->
    <link href="img/favicon.ico" rel="icon">

    <!-- Google Web Fonts -->
    <link rel="preconnect" href="https://fonts.gstatic.com">
    <link href="https://fonts.googleapis.com/css2?family=Roboto:wght@400;500;700&display=swap" rel="stylesheet">  

    <!-- Font Awesome -->
    <link href="https://cdnjs.cloudflare.com/ajax/libs/font-awesome/5.10.0/css/all.min.css" rel="stylesheet">

    <!-- Libraries Stylesheet -->
    <link href="lib/animate/animate.min.css" rel="stylesheet">
    <link href="lib/owlcarousel/assets/owl.carousel.min.css" rel="stylesheet">

    <!-- Customized Bootstrap Stylesheet -->
    <link href="css/style.css" rel="stylesheet">
</head>

<body>
    <!-- Topbar Start -->
    
    <div class="topbar-container">
        <div class="col-lg-4">
                <a href="index.html" class="text-decoration-none">
                    <span class="h1 text-uppercase text-primary bg-dark px-2">Product</span>
                    <span class="h1 text-uppercase text-dark bg-primary px-2 ml-n1">Industries</span>
                </a>
            </div>
            <div class="support">
                <p class="m-0">Costumer support</p>
                <h5 class="m-0">+0823574245</h5>
            </div>
        </div>
    </div>
    <!-- Topbar End -->


    <!-- Navbar Start -->
    <div class="navbar-container">
        <div class="row px-xl-5">
            <div class="col-lg-3 d-none d-lg-block">
                <a class="navbar-button" data-toggle="collapse" href="#navbar-vertical" >
                    <h6 class="kategori-knapp"><i class="fa fa-bars mr-2"></i>Kategorier</h6>
                    <i class="fa fa-angle-down text-dark"></i>
                </a>
                <nav class="collapse position-absolute navbar navbar-vertical navbar-light align-items-start p-0 bg-light" id="navbar-vertical" style="width: calc(100% - 30px); z-index: 999;">
                    <div class="navbar-nav w-100">
                        <div class="nav-item dropdown dropright">
                        <a href="kamera.html" class="nav-item nav-link">Kameror</a>
                        <a href="klocka.html" class="nav-item nav-link">Klockor</a>
                        <a href="blus.html" class="nav-item nav-link">blusar</a>
                        <a href="drone.html" class="nav-item nav-link">drönare</a>
                        <a href="lampa.html" class="nav-item nav-link">Lampor</a>
                        <a href="moist.html" class="nav-item nav-link">Hudkrämer</a>
                        <a href="skor.html" class="nav-item nav-link">skor</a>
                        <a href="shirt.html" class="nav-item nav-link">Tröjor</a>
                    </div>
                </nav>
            </div>
            <div class="col-lg-9">
                <nav class="navbar navbar-expand-lg bg-dark navbar-dark py-3 py-lg-0 px-0">
                    <a href="" class="text-decoration-none d-block d-lg-none">
                        <span class="h1 text-uppercase text-dark bg-light px-2">Product</span>
                        <span class="h1 text-uppercase text-light bg-primary px-2 ml-n1">Industries</span>
                    </a>
                    <button type="button" class="navbar-toggler" data-toggle="collapse" data-target="#navbarCollapse">
                        <span class="navbar-toggler-icon"></span>
                    </button>
                    <div class="collapse navbar-collapse justify-content-between" id="navbarCollapse">
                        <div class="navbar-nav mr-auto py-0">
                            <a href="index.html" class="nav-item nav-link active">Hem</a>
                            <div class="nav-item dropdown">
                                <a href="#" class="nav-link dropdown-toggle" data-toggle="dropdown">Sidor <i class="fa fa-angle-down mt-1"></i></a>
                                <div class="dropdown-menu bg-primary rounded-0 border-0 m-0">
                                    <a href="cart.html" class="dropdown-item">Kundvagn</a>
                                    <a href="checkout.html" class="dropdown-item">Betala nu</a>
                                </div>
                            </div>
                            <a href="contact.html" class="nav-item nav-link">Kontakt</a>
                        </div>
                        <div class="navbar-nav ml-auto py-0 d-none d-lg-block">

                            <a href="cart.html" class="">

                                <i class="fas fa-shopping-cart text-primary"></i>
                                <span class="cartBtn">0</span>
                            </a>
                        </div>
                    </div>
                </nav>
            </div>
        </div>
    </div>
    <!-- Navbar End -->


    <!-- Carousel Start -->
    <div class="container-fluid mb-3">
                <div id="header-carousel" class="carousel slide carousel-fade mb-30 mb-lg-0" data-ride="carousel">
                        <div class="carousel-item position-relative" style="height: 430px;">
                            <img class="position-absolute w-100 h-100" src="img/carousel-2.jpg" style="object-fit: cover;">
         
                        </div>
                        <div class="carousel-item position-relative" style="height: 430px;">
                            <img class="position-absolute w-100 h-100" src="img/carousel-3.jpg" style="object-fit: cover;">
                            <div class="carousel-caption d-flex flex-column align-items-center justify-content-center">
                                <div class="p-3" style="max-width: 700px;">
                                    <h1 class="display-4 text-white mb-3 animate__animated animate__fadeInDown">Kids Fashion</h1>
                                    <p class="mx-md-5 px-5 animate__animated animate__bounceIn">Lorem rebum magna amet lorem magna erat diam stet. Sadips duo stet amet amet ndiam elitr ipsum diam</p>
                                    <a class="btn btn-outline-light py-2 px-4 mt-3 animate__animated animate__fadeInUp" href="#">Shop Now</a>
                                </div>
                            </div>
                        </div>
                    </div>
                </div>
            </div>
        </div>
    </div>
    <!-- Carousel End -->


    <!-- Featured Start -->
    <div class="container-fluid pt-5">
        <div class="row px-xl-5 pb-3">
            <div class="col-lg-3 col-md-6 col-sm-12 pb-1">
                <div class="d-flex align-items-center bg-light mb-4" style="padding: 30px;">
                    <h1 class="fa fa-check text-primary m-0 mr-3"></h1>
                    <h5 class="font-weight-semi-bold m-0">Quality Product</h5>
                </div>
            </div>
            <div class="col-lg-3 col-md-6 col-sm-12 pb-1">
                <div class="d-flex align-items-center bg-light mb-4" style="padding: 30px;">
                    <h1 class="fa fa-shipping-fast text-primary m-0 mr-2"></h1>
                    <h5 class="font-weight-semi-bold m-0">Free Shipping</h5>
                </div>
            </div>
            <div class="col-lg-3 col-md-6 col-sm-12 pb-1">
                <div class="d-flex align-items-center bg-light mb-4" style="padding: 30px;">
                    <h1 class="fas fa-exchange-alt text-primary m-0 mr-3"></h1>
                    <h5 class="font-weight-semi-bold m-0">14-Day Return</h5>
                </div>
            </div>
            <div class="col-lg-3 col-md-6 col-sm-12 pb-1">
                <div class="d-flex align-items-center bg-light mb-4" style="padding: 30px;">
                    <h1 class="fa fa-phone-volume text-primary m-0 mr-3"></h1>
                    <h5 class="font-weight-semi-bold m-0">24/7 Support</h5>
                </div>
            </div>
        </div>
    </div>
    <!-- Featured End -->

    <!-- Products Start -->
    <div class="container-fluid pt-5 pb-3">
        <h2 class="section-title position-relative text-uppercase mx-xl-5 mb-4"><span class="bg-secondary pr-3">Mest Köpta</span></h2>
        <div class="row px-xl-5">
            <div class="col-lg-3 col-md-4 col-sm-6 pb-1">
                <div class="product-item bg-light mb-4">
                    <div class="product-img position-relative overflow-hidden">
                        <img class="img-fluid w-100" src="img/product-1.jpg" alt="">
                        <div class="product-action">
                            <a class="btn btn-outline-dark btn-square" href=""><i class="fa fa-shopping-cart"></i></a>
                            <a class="btn btn-outline-dark btn-square" href=""><i class="fa fa-sync-alt"></i></a>
                        </div>
                    </div>
                    <div class="text-center py-4">
                        <a class="h6 text-decoration-none text-truncate" href="Products/kamera.html">Kamera</a>
                        <div class="d-flex align-items-center justify-content-center mt-2">
                            <h5 class="rabatt">599kr</h5><h6 class="text-muted ml-2"><del>1200kr</del></h6>
                        </div>
                    </div>
                </div>
            </div>
            <div class="col-lg-3 col-md-4 col-sm-6 pb-1">
                <div class="product-item bg-light mb-4">
                    <div class="product-img position-relative overflow-hidden">
                        <img class="img-fluid w-100" src="img/product-2.jpg" alt="">
                        <div class="product-action">
                            <a class="btn btn-outline-dark btn-square" href=""><i class="fa fa-shopping-cart"></i></a>
                            <a class="btn btn-outline-dark btn-square" href=""><i class="fa fa-sync-alt"></i></a>
                        </div>
                    </div>
                    <div class="text-center py-4">
                        <a class="h6 text-decoration-none text-truncate" href="shirt.html">Tröja</a>
                        <div class="d-flex align-items-center justify-content-center mt-2">
                            <h5>50kr</h5><h6 class="text-muted ml-2"><del>200kr</del></h6>
                        </div>
                    </div>
                </div>
            </div>
        </a>
            <div class="col-lg-3 col-md-4 col-sm-6 pb-1">
                <div class="product-item bg-light mb-4">
                    <div class="product-img position-relative overflow-hidden">
                        <img class="img-fluid w-100" src="img/product-3.jpg" alt="">
                        <div class="product-action">
                            <a class="btn btn-outline-dark btn-square" href=""><i class="fa fa-shopping-cart"></i></a>
                            <a class="btn btn-outline-dark btn-square" href=""><i class="fa fa-sync-alt"></i></a>
                        </div>
                    </div>
                    <div class="text-center py-4">
                        <a class="h6 text-decoration-none text-truncate" href="lampa.html">Lampa</a>
                        <div class="d-flex align-items-center justify-content-center mt-2">
                            <h5>100kr</h5><h6 class="text-muted ml-2"><del>299kr</del></h6>
                        </div>

                    </div>
                </div>
            </div>
            <div class="col-lg-3 col-md-4 col-sm-6 pb-1">
                <div class="product-item bg-light mb-4">
                    <div class="product-img position-relative overflow-hidden">
                        <img class="img-fluid w-100" src="img/product-4.jpg" alt="">
                        <div class="product-action">
                            <a class="btn btn-outline-dark btn-square" href=""><i class="fa fa-shopping-cart"></i></a>
                            <a class="btn btn-outline-dark btn-square" href=""><i class="fa fa-sync-alt"></i></a>
                        </div>
                    </div>
                    <div class="text-center py-4">
                        <a class="h6 text-decoration-none text-truncate" href="skor.html">Barnskor</a>
                        <div class="d-flex align-items-center justify-content-center mt-2">
                            <h5 class="rabatt">900kr</h5><h6 class="text-muted ml-2"><del>200kr</del></h6>
                        </div>
                    </div>
                </div>
            </div>
            <div class="col-lg-3 col-md-4 col-sm-6 pb-1">
                <div class="product-item bg-light mb-4">
                    <div class="product-img position-relative overflow-hidden">
                        <img class="img-fluid w-100" src="img/product-5.jpg" alt="">
                        <div class="product-action">
                            <a class="btn btn-outline-dark btn-square" href=""><i class="fa fa-shopping-cart"></i></a>
                            <a class="btn btn-outline-dark btn-square" href=""><i class="fa fa-sync-alt"></i></a>
                        </div>
                    </div>
                    <div class="text-center py-4">
                        <a class="h6 text-decoration-none text-truncate" href="drone.html">Drönare</a>
                        <div class="d-flex align-items-center justify-content-center mt-2">
                            <h5>1499kr</h5><h6 class="text-muted ml-2"><del>2000kr</del></h6>
                        </div>
                    </div>
                </div>
            </div>
            <div class="col-lg-3 col-md-4 col-sm-6 pb-1">
                <div class="product-item bg-light mb-4">
                    <div class="product-img position-relative overflow-hidden">
                        <img class="img-fluid w-100" src="img/product-6.jpg" alt="">
                        <div class="product-action">
                            <a class="btn btn-outline-dark btn-square" href=""><i class="fa fa-shopping-cart"></i></a>
                            <a class="btn btn-outline-dark btn-square" href=""><i class="fa fa-sync-alt"></i></a>
                        </div>
                    </div>
                    <div class="text-center py-4">
                        <a class="h6 text-decoration-none text-truncate" href="klocka.html">Apple Watch</a>
                        <div class="d-flex align-items-center justify-content-center mt-2">
                            <h5>2999kr</h5><h6 class="text-muted ml-2"><del>4995kr</del></h6>
                        </div>
                    </div>
                </div>
            </div>
            <div class="col-lg-3 col-md-4 col-sm-6 pb-1">
                <div class="product-item bg-light mb-4">
                    <div class="product-img position-relative overflow-hidden">
                        <img class="img-fluid w-100" src="img/product-7.jpg" alt="">
                        <div class="product-action">
                            <a class="btn btn-outline-dark btn-square" href=""><i class="fa fa-shopping-cart"></i></a>
                            <a class="btn btn-outline-dark btn-square" href=""><i class="fa fa-sync-alt"></i></a>
                        </div>
                    </div>
                    <div class="text-center py-4">
                        <a class="h6 text-decoration-none text-truncate" href="blus.html">Blus</a>
                        <div class="d-flex align-items-center justify-content-center mt-2">
                            <h5>79kr</h5><h6 class="text-muted ml-2"><del>249kr</del></h6>
                        </div>
                    </div>
                </div>
            </div>
            <div class="col-lg-3 col-md-4 col-sm-6 pb-1">
                <div class="product-item bg-light mb-4">
                    <div class="product-img position-relative overflow-hidden">
                        <img class="img-fluid w-100" src="img/product-8.jpg" alt="">
                        <div class="product-action">
                            <a class="btn btn-outline-dark btn-square" href=""><i class="fa fa-shopping-cart"></i></a>
                            <a class="btn btn-outline-dark btn-square" href=""><i class="fa fa-sync-alt"></i></a>
                        </div>
                    </div>
                    <div class="text-center py-4">
                        <a class="h6 text-decoration-none text-truncate" href="moist.html">Moisturizer</a>
                        <div class="d-flex align-items-center justify-content-center mt-2">
                            <h5>90kr</h5><h6 class="text-muted ml-2"><del>129kr</del></h6>
                        </div>
                    </div>
                </div>
            </div>
        </div>
    </div>
    <!-- Products End -->


  

     <!-- Footer Start -->
     <div class="container-fluid bg-dark text-secondary mt-5 pt-5">
        <div class="row px-xl-5 pt-5">
            <div class="col-lg-4 col-md-12 mb-5 pr-3 pr-xl-5">
                <h5 class="text-secondary text-uppercase mb-4">Get In Touch</h5>
                <p class="mb-4">No dolore ipsum accusam no lorem. Invidunt sed clita kasd clita et et dolor sed dolor. Rebum tempor no vero est magna amet no</p>
                <p class="mb-2"><i class="fa fa-map-marker-alt text-primary mr-3"></i>Västra svedengatan, Linköping</p>
                <p class="mb-2"><i class="fa fa-envelope text-primary mr-3"></i>info@example.com</p>
                <p class="mb-0"><i class="fa fa-phone-alt text-primary mr-3"></i>+012 345 67890</p>
            </div>
            <div class="col-lg-8 col-md-12">
                <div class="row">
                    <div class="col-md-4 mb-5">
                        <h5 class="text-secondary text-uppercase mb-4">Quick Shop</h5>
                        <div class="d-flex flex-column justify-content-start">
                            <a class="text-secondary mb-2" href="blus.html"><i class="fa fa-angle-right mr-2"></i>Blus</a>
                            <a class="text-secondary mb-2" href="drone.html"><i class="fa fa-angle-right mr-2"></i>Drönare</a>
                            <a class="text-secondary mb-2" href="kamera.html"><i class="fa fa-angle-right mr-2"></i>Kameror</a>
                            <a class="text-secondary mb-2" href="klocka.html"><i class="fa fa-angle-right mr-2"></i>Klockor</a>
                            <a class="text-secondary mb-2" href="lampa.html"><i class="fa fa-angle-right mr-2"></i>Lampor</a>
                            <a class="text-secondary mb-2" href="moist.html"><i class="fa fa-angle-right mr-2"></i>Moisturizer</a>
                            <a class="text-secondary mb-2" href="shirt.html"><i class="fa fa-angle-right mr-2"></i>Tröjor</a>
                            <a class="text-secondary mb-2" href="skor.html"><i class="fa fa-angle-right mr-2"></i>Skor</a>
                        </div>
                    </div>
                </div>
            </div>
        </div>
        <div class="row border-top mx-xl-5 py-4" style="border-color: rgba(256, 256, 256, .1) !important;">
            <div class="col-md-6 px-xl-0">
                <p class="mb-md-0 text-center text-md-left text-secondary">
                    &copy; <a class="text-primary" href="../index.html">Domain</a>. All Rights Reserved. Designed
                    by Jami
                    <a class="text-primary" href="https://htmlcodex.com"></a>
                </p>
            </div>
        </div>
    </div>
    <!-- Footer End -->


    <!-- Back to Top -->
    <a href="#" class="btn btn-primary back-to-top"><i class="fa fa-angle-double-up"></i></a>


    <!-- JavaScript Libraries -->
    <script src="https://code.jquery.com/jquery-3.4.1.min.js"></script>
    <script src="https://stackpath.bootstrapcdn.com/bootstrap/4.4.1/js/bootstrap.bundle.min.js"></script>
    <script src="lib/easing/easing.min.js"></script>
    <script src="lib/owlcarousel/owl.carousel.min.js"></script>

    <!-- Contact Javascript File -->
    <script src="mail/jqBootstrapValidation.min.js"></script>
    <script src="mail/contact.js"></script>

    <!-- Template Javascript -->
    <script src="js/main.js"></script>
    <script src="js/products.js"></script>
    <!-- Add this script block at the end of your HTML body -->
</body>

</html>"
`;
